[6844:8784:0924/095010.298:WARNING:chrome_main_delegate.cc(745)] This is Chrome version 128.0.6613.138 (not a warning)
[6844:22496:0924/095010.351:ERROR:google_update_settings.cc(265)] Failed opening key Software\Chromium to set usagestats; result: 5
[6844:8784:0924/095010.378:WARNING:account_consistency_mode_manager.cc(77)] Desktop Identity Consistency cannot be enabled as no OAuth client ID and client secret have been configured.
[23432:22648:0924/095013.506:WARNING:frame_impl.cc(430)] virtual CefFrameImpl::SendProcessMessage sent to detached frame 5-FE6589D3BABDC3E1FFC071E2FA3BF993 will be ignored
[10292:22000:0924/095013.771:WARNING:codec.cc(525)] Explicitly added H264 constrained baseline to list of supported formats.
[10292:21320:0924/095013.788:WARNING:codec.cc(525)] Explicitly added H264 constrained baseline to list of supported formats.
[10292:21320:0924/095013.789:WARNING:codec.cc(525)] Explicitly added H264 constrained baseline to list of supported formats.
[10292:21320:0924/095013.789:WARNING:codec.cc(525)] Explicitly added H264 constrained baseline to list of supported formats.
[14620:11212:0924/095013.804:WARNING:host_resolver_dns_task.cc(863)] Address list empty after RFC3484 sort
[14620:11212:0924/095013.804:WARNING:host_resolver_dns_task.cc(863)] Address list empty after RFC3484 sort
[14620:11212:0924/095013.804:WARNING:host_resolver_dns_task.cc(863)] Address list empty after RFC3484 sort
[14620:11212:0924/095013.806:ERROR:socket_manager.cc(147)] Failed to resolve address for stun.cloudflare.com., errorcode: -105
[14620:11212:0924/095013.806:ERROR:socket_manager.cc(147)] Failed to resolve address for stun.cloudflare.com., errorcode: -105
[14620:11212:0924/095013.806:ERROR:socket_manager.cc(147)] Failed to resolve address for stun.cloudflare.com., errorcode: -105
[10292:21320:0924/095013.806:WARNING:stun_port.cc(442)] Port[fd5c00:0:1:0:host:Net[any:0:0:0:x:x:x:x:x/0:Wildcard:id=0]]: StunPort: stun host lookup received error -1
[14620:11212:0924/095013.806:ERROR:socket_manager.cc(147)] Failed to resolve address for stun.l.google.com., errorcode: -105
[14620:11212:0924/095013.806:ERROR:socket_manager.cc(147)] Failed to resolve address for stun.l.google.com., errorcode: -105
[10292:21320:0924/095013.806:WARNING:stun_port.cc(442)] Port[fd6c00:1:1:0:host:Net[any:0:0:0:x:x:x:x:x/0:Wildcard:id=0]]: StunPort: stun host lookup received error -1
[14620:11212:0924/095013.806:ERROR:socket_manager.cc(147)] Failed to resolve address for stun.l.google.com., errorcode: -105
[10292:21320:0924/095013.806:WARNING:stun_port.cc(442)] Port[fd7400:2:1:0:host:Net[any:0:0:0:x:x:x:x:x/0:Wildcard:id=0]]: StunPort: stun host lookup received error -1
[10292:21320:0924/095013.806:WARNING:stun_port.cc(442)] Port[fd5c00:0:1:0:host:Net[any:0:0:0:x:x:x:x:x/0:Wildcard:id=0]]: StunPort: stun host lookup received error -1
[10292:21320:0924/095013.806:WARNING:stun_port.cc(442)] Port[fd6c00:1:1:0:host:Net[any:0:0:0:x:x:x:x:x/0:Wildcard:id=0]]: StunPort: stun host lookup received error -1
[10292:21320:0924/095013.806:WARNING:stun_port.cc(442)] Port[fd7400:2:1:0:host:Net[any:0:0:0:x:x:x:x:x/0:Wildcard:id=0]]: StunPort: stun host lookup received error -1
[14620:11212:0924/095013.807:ERROR:socket_manager.cc(147)] Failed to resolve address for stun1.l.google.com., errorcode: -105
[14620:11212:0924/095013.807:ERROR:socket_manager.cc(147)] Failed to resolve address for stun1.l.google.com., errorcode: -105
[14620:11212:0924/095013.807:ERROR:socket_manager.cc(147)] Failed to resolve address for stun1.l.google.com., errorcode: -105
[10292:21320:0924/095013.807:WARNING:stun_port.cc(442)] Port[fd5c00:0:1:0:host:Net[any:0:0:0:x:x:x:x:x/0:Wildcard:id=0]]: StunPort: stun host lookup received error -1
[10292:21320:0924/095013.807:WARNING:stun_port.cc(442)] Port[fd6c00:1:1:0:host:Net[any:0:0:0:x:x:x:x:x/0:Wildcard:id=0]]: StunPort: stun host lookup received error -1
[10292:21320:0924/095013.807:WARNING:stun_port.cc(442)] Port[fd7400:2:1:0:host:Net[any:0:0:0:x:x:x:x:x/0:Wildcard:id=0]]: StunPort: stun host lookup received error -1
[6844:21568:0924/095014.049:WARNING:browser_info.cc(345)] Returning a speculative frame for [7,9]
[6844:8784:0924/095014.123:WARNING:browser_info.cc(345)] Returning a speculative frame for [8,9]
[6844:8784:0924/095014.124:WARNING:browser_info.cc(345)] Returning a speculative frame for [8,9]
[6844:8784:0924/095014.124:WARNING:browser_info.cc(345)] Returning a speculative frame for [8,9]
[6844:8784:0924/095014.124:WARNING:browser_info.cc(345)] Returning a speculative frame for [8,9]
[6844:21568:0924/095014.129:WARNING:browser_info.cc(345)] Returning a speculative frame for [8,9]
[15340:18264:0924/095014.282:WARNING:codec.cc(525)] Explicitly added H264 constrained baseline to list of supported formats.
[15340:2552:0924/095014.333:WARNING:codec.cc(525)] Explicitly added H264 constrained baseline to list of supported formats.
[15340:2552:0924/095014.333:WARNING:codec.cc(525)] Explicitly added H264 constrained baseline to list of supported formats.
[15340:2552:0924/095014.333:WARNING:codec.cc(525)] Explicitly added H264 constrained baseline to list of supported formats.
[14620:11212:0924/095014.370:WARNING:host_resolver_dns_task.cc(863)] Address list empty after RFC3484 sort
[14620:11212:0924/095014.370:ERROR:socket_manager.cc(147)] Failed to resolve address for stun.l.google.com., errorcode: -105
[14620:11212:0924/095014.370:ERROR:socket_manager.cc(147)] Failed to resolve address for stun.l.google.com., errorcode: -105
[14620:11212:0924/095014.370:ERROR:socket_manager.cc(147)] Failed to resolve address for stun.l.google.com., errorcode: -105
[14620:11212:0924/095014.370:WARNING:host_resolver_dns_task.cc(863)] Address list empty after RFC3484 sort
[14620:11212:0924/095014.370:WARNING:host_resolver_dns_task.cc(863)] Address list empty after RFC3484 sort
[14620:11212:0924/095014.370:ERROR:socket_manager.cc(147)] Failed to resolve address for stun1.l.google.com., errorcode: -105
[14620:11212:0924/095014.370:ERROR:socket_manager.cc(147)] Failed to resolve address for stun1.l.google.com., errorcode: -105
[14620:11212:0924/095014.371:ERROR:socket_manager.cc(147)] Failed to resolve address for stun1.l.google.com., errorcode: -105
[14620:11212:0924/095014.371:ERROR:socket_manager.cc(147)] Failed to resolve address for stun.cloudflare.com., errorcode: -105
[14620:11212:0924/095014.371:ERROR:socket_manager.cc(147)] Failed to resolve address for stun.cloudflare.com., errorcode: -105
[15340:2552:0924/095014.371:WARNING:stun_port.cc(442)] Port[1255400:0:1:0:host:Net[any:0:0:0:x:x:x:x:x/0:Wildcard:id=0]]: StunPort: stun host lookup received error -1
[14620:11212:0924/095014.371:ERROR:socket_manager.cc(147)] Failed to resolve address for stun.cloudflare.com., errorcode: -105
[15340:2552:0924/095014.371:WARNING:stun_port.cc(442)] Port[1255c00:1:1:0:host:Net[any:0:0:0:x:x:x:x:x/0:Wildcard:id=0]]: StunPort: stun host lookup received error -1
[15340:2552:0924/095014.371:WARNING:stun_port.cc(442)] Port[1256400:2:1:0:host:Net[any:0:0:0:x:x:x:x:x/0:Wildcard:id=0]]: StunPort: stun host lookup received error -1
[15340:2552:0924/095014.371:WARNING:stun_port.cc(442)] Port[1255400:0:1:0:host:Net[any:0:0:0:x:x:x:x:x/0:Wildcard:id=0]]: StunPort: stun host lookup received error -1
[15340:2552:0924/095014.371:WARNING:stun_port.cc(442)] Port[1255c00:1:1:0:host:Net[any:0:0:0:x:x:x:x:x/0:Wildcard:id=0]]: StunPort: stun host lookup received error -1
[15340:2552:0924/095014.372:WARNING:stun_port.cc(442)] Port[1256400:2:1:0:host:Net[any:0:0:0:x:x:x:x:x/0:Wildcard:id=0]]: StunPort: stun host lookup received error -1
[15340:2552:0924/095014.372:WARNING:stun_port.cc(442)] Port[1255400:0:1:0:host:Net[any:0:0:0:x:x:x:x:x/0:Wildcard:id=0]]: StunPort: stun host lookup received error -1
[15340:2552:0924/095014.372:WARNING:stun_port.cc(442)] Port[1255c00:1:1:0:host:Net[any:0:0:0:x:x:x:x:x/0:Wildcard:id=0]]: StunPort: stun host lookup received error -1
[15340:2552:0924/095014.372:WARNING:stun_port.cc(442)] Port[1256400:2:1:0:host:Net[any:0:0:0:x:x:x:x:x/0:Wildcard:id=0]]: StunPort: stun host lookup received error -1
[15340:18264:0924/095016.710:WARNING:codec.cc(525)] Explicitly added H264 constrained baseline to list of supported formats.
[6844:8784:0924/095016.824:ERROR:device_event_log_impl.cc(196)] [09:50:16.759] USB: usb_service_win.cc:105 SetupDiGetDeviceProperty({{A45C254E-DF1C-4EFD-8020-67D146A850E0}, 6}) failed: Element not found. (0x490)
[19176:12860:0924/095220.354:ERROR:shared_image_manager.cc(224)] SharedImageManager::ProduceSkia: Trying to Produce a Skia representation from a non-existent mailbox.
[19176:12860:0924/095220.354:ERROR:shared_image_manager.cc(224)] SharedImageManager::ProduceSkia: Trying to Produce a Skia representation from a non-existent mailbox.
[6844:8784:0924/100334.238:WARNING:pref_notifier_impl.cc(41)] Pref observer for media_router.cast_allow_all_ips found at shutdown.
