[18116:3336:0924/110015.923:WARNING:chrome_main_delegate.cc(745)] This is Chrome version 128.0.6613.138 (not a warning)
[18116:9744:0924/110015.967:ERROR:google_update_settings.cc(265)] Failed opening key Software\Chromium to set usagestats; result: 5
[18116:3336:0924/110015.989:WARNING:account_consistency_mode_manager.cc(77)] Desktop Identity Consistency cannot be enabled as no OAuth client ID and client secret have been configured.
[17692:21680:0924/110016.061:WARNING:chrome_main_delegate.cc(745)] This is Chrome version 128.0.6613.138 (not a warning)
[17692:23524:0924/110016.106:ERROR:google_update_settings.cc(265)] Failed opening key Software\Chromium to set usagestats; result: 5
[17692:21680:0924/110016.137:WARNING:account_consistency_mode_manager.cc(77)] Desktop Identity Consistency cannot be enabled as no OAuth client ID and client secret have been configured.
[22580:6988:0924/110018.759:WARNING:frame_impl.cc(430)] virtual CefFrameImpl::SendProcessMessage sent to detached frame 5-25A02FD360A79BA4DE31F4DBC2140166 will be ignored
[5348:20244:0924/110019.172:WARNING:codec.cc(525)] Explicitly added H264 constrained baseline to list of supported formats.
[5348:10936:0924/110019.190:WARNING:codec.cc(525)] Explicitly added H264 constrained baseline to list of supported formats.
[5348:10936:0924/110019.190:WARNING:codec.cc(525)] Explicitly added H264 constrained baseline to list of supported formats.
[5348:10936:0924/110019.191:WARNING:codec.cc(525)] Explicitly added H264 constrained baseline to list of supported formats.
[9404:2232:0924/110019.202:WARNING:host_resolver_dns_task.cc(863)] Address list empty after RFC3484 sort
[9404:2232:0924/110019.206:ERROR:socket_manager.cc(147)] Failed to resolve address for stun.l.google.com., errorcode: -105
[9404:2232:0924/110019.206:ERROR:socket_manager.cc(147)] Failed to resolve address for stun.l.google.com., errorcode: -105
[9404:2232:0924/110019.207:WARNING:host_resolver_dns_task.cc(863)] Address list empty after RFC3484 sort
[5348:10936:0924/110019.207:WARNING:stun_port.cc(442)] Port[1005400:0:1:0:host:Net[any:0:0:0:x:x:x:x:x/0:Wildcard:id=0]]: StunPort: stun host lookup received error -1
[9404:2232:0924/110019.207:WARNING:host_resolver_dns_task.cc(863)] Address list empty after RFC3484 sort
[5348:10936:0924/110019.207:WARNING:stun_port.cc(442)] Port[1005c00:1:1:0:host:Net[any:0:0:0:x:x:x:x:x/0:Wildcard:id=0]]: StunPort: stun host lookup received error -1
[9404:2232:0924/110019.207:WARNING:host_resolver_dns_task.cc(863)] Address list empty after RFC3484 sort
[9404:2232:0924/110019.207:ERROR:socket_manager.cc(147)] Failed to resolve address for stun.cloudflare.com., errorcode: -105
[9404:2232:0924/110019.207:ERROR:socket_manager.cc(147)] Failed to resolve address for stun.cloudflare.com., errorcode: -105
[9404:2232:0924/110019.207:ERROR:socket_manager.cc(147)] Failed to resolve address for stun.cloudflare.com., errorcode: -105
[5348:10936:0924/110019.207:WARNING:stun_port.cc(442)] Port[1005400:0:1:0:host:Net[any:0:0:0:x:x:x:x:x/0:Wildcard:id=0]]: StunPort: stun host lookup received error -1
[5348:10936:0924/110019.209:WARNING:stun_port.cc(442)] Port[1005c00:1:1:0:host:Net[any:0:0:0:x:x:x:x:x/0:Wildcard:id=0]]: StunPort: stun host lookup received error -1
[9404:2232:0924/110019.209:ERROR:socket_manager.cc(147)] Failed to resolve address for stun.l.google.com., errorcode: -105
[5348:10936:0924/110019.209:WARNING:stun_port.cc(442)] Port[1006400:2:1:0:host:Net[any:0:0:0:x:x:x:x:x/0:Wildcard:id=0]]: StunPort: stun host lookup received error -1
[5348:10936:0924/110019.209:WARNING:stun_port.cc(442)] Port[1006400:2:1:0:host:Net[any:0:0:0:x:x:x:x:x/0:Wildcard:id=0]]: StunPort: stun host lookup received error -1
[9404:2232:0924/110019.210:ERROR:socket_manager.cc(147)] Failed to resolve address for stun1.l.google.com., errorcode: -105
[9404:2232:0924/110019.210:ERROR:socket_manager.cc(147)] Failed to resolve address for stun1.l.google.com., errorcode: -105
[9404:2232:0924/110019.210:ERROR:socket_manager.cc(147)] Failed to resolve address for stun1.l.google.com., errorcode: -105
[5348:10936:0924/110019.210:WARNING:stun_port.cc(442)] Port[1005400:0:1:0:host:Net[any:0:0:0:x:x:x:x:x/0:Wildcard:id=0]]: StunPort: stun host lookup received error -1
[5348:10936:0924/110019.210:WARNING:stun_port.cc(442)] Port[1005c00:1:1:0:host:Net[any:0:0:0:x:x:x:x:x/0:Wildcard:id=0]]: StunPort: stun host lookup received error -1
[5348:10936:0924/110019.210:WARNING:stun_port.cc(442)] Port[1006400:2:1:0:host:Net[any:0:0:0:x:x:x:x:x/0:Wildcard:id=0]]: StunPort: stun host lookup received error -1
[7568:17112:0924/110019.278:WARNING:frame_impl.cc(430)] virtual CefFrameImpl::SendProcessMessage sent to detached frame 5-A18CC9FC1F4A22CB5863675A073923A7 will be ignored
[17692:21460:0924/110019.488:WARNING:browser_info.cc(345)] Returning a speculative frame for [7,9]
[17692:21680:0924/110019.547:WARNING:browser_info.cc(345)] Returning a speculative frame for [8,9]
[17692:21680:0924/110019.547:WARNING:browser_info.cc(345)] Returning a speculative frame for [8,9]
[17692:21680:0924/110019.547:WARNING:browser_info.cc(345)] Returning a speculative frame for [8,9]
[17692:21680:0924/110019.547:WARNING:browser_info.cc(345)] Returning a speculative frame for [8,9]
[17692:21460:0924/110019.554:WARNING:browser_info.cc(345)] Returning a speculative frame for [8,9]
[1324:19964:0924/110019.779:WARNING:codec.cc(525)] Explicitly added H264 constrained baseline to list of supported formats.
[1324:19280:0924/110019.810:WARNING:codec.cc(525)] Explicitly added H264 constrained baseline to list of supported formats.
[1324:19280:0924/110019.810:WARNING:codec.cc(525)] Explicitly added H264 constrained baseline to list of supported formats.
[1324:19280:0924/110019.811:WARNING:codec.cc(525)] Explicitly added H264 constrained baseline to list of supported formats.
[9404:2232:0924/110019.822:WARNING:host_resolver_dns_task.cc(863)] Address list empty after RFC3484 sort
[9404:2232:0924/110019.822:WARNING:host_resolver_dns_task.cc(863)] Address list empty after RFC3484 sort
[9404:2232:0924/110019.822:WARNING:host_resolver_dns_task.cc(863)] Address list empty after RFC3484 sort
[9404:2232:0924/110019.823:ERROR:socket_manager.cc(147)] Failed to resolve address for stun.cloudflare.com., errorcode: -105
[9404:2232:0924/110019.823:ERROR:socket_manager.cc(147)] Failed to resolve address for stun.cloudflare.com., errorcode: -105
[9404:2232:0924/110019.823:ERROR:socket_manager.cc(147)] Failed to resolve address for stun.cloudflare.com., errorcode: -105
[9404:2232:0924/110019.823:ERROR:socket_manager.cc(147)] Failed to resolve address for stun.l.google.com., errorcode: -105
[9404:2232:0924/110019.823:ERROR:socket_manager.cc(147)] Failed to resolve address for stun.l.google.com., errorcode: -105
[9404:2232:0924/110019.823:ERROR:socket_manager.cc(147)] Failed to resolve address for stun.l.google.com., errorcode: -105
[1324:19280:0924/110019.823:WARNING:stun_port.cc(442)] Port[f5ec00:0:1:0:host:Net[any:0:0:0:x:x:x:x:x/0:Wildcard:id=0]]: StunPort: stun host lookup received error -1
[1324:19280:0924/110019.823:WARNING:stun_port.cc(442)] Port[f5f400:1:1:0:host:Net[any:0:0:0:x:x:x:x:x/0:Wildcard:id=0]]: StunPort: stun host lookup received error -1
[9404:2232:0924/110019.823:ERROR:socket_manager.cc(147)] Failed to resolve address for stun1.l.google.com., errorcode: -105
[9404:2232:0924/110019.823:ERROR:socket_manager.cc(147)] Failed to resolve address for stun1.l.google.com., errorcode: -105
[9404:2232:0924/110019.823:ERROR:socket_manager.cc(147)] Failed to resolve address for stun1.l.google.com., errorcode: -105
[1324:19280:0924/110019.823:WARNING:stun_port.cc(442)] Port[110c000:2:1:0:host:Net[any:0:0:0:x:x:x:x:x/0:Wildcard:id=0]]: StunPort: stun host lookup received error -1
[1324:19280:0924/110019.824:WARNING:stun_port.cc(442)] Port[f5ec00:0:1:0:host:Net[any:0:0:0:x:x:x:x:x/0:Wildcard:id=0]]: StunPort: stun host lookup received error -1
[1324:19280:0924/110019.824:WARNING:stun_port.cc(442)] Port[f5f400:1:1:0:host:Net[any:0:0:0:x:x:x:x:x/0:Wildcard:id=0]]: StunPort: stun host lookup received error -1
[1324:19280:0924/110019.824:WARNING:stun_port.cc(442)] Port[110c000:2:1:0:host:Net[any:0:0:0:x:x:x:x:x/0:Wildcard:id=0]]: StunPort: stun host lookup received error -1
[1324:19280:0924/110019.824:WARNING:stun_port.cc(442)] Port[f5ec00:0:1:0:host:Net[any:0:0:0:x:x:x:x:x/0:Wildcard:id=0]]: StunPort: stun host lookup received error -1
[1324:19280:0924/110019.824:WARNING:stun_port.cc(442)] Port[f5f400:1:1:0:host:Net[any:0:0:0:x:x:x:x:x/0:Wildcard:id=0]]: StunPort: stun host lookup received error -1
[1324:19280:0924/110019.824:WARNING:stun_port.cc(442)] Port[110c000:2:1:0:host:Net[any:0:0:0:x:x:x:x:x/0:Wildcard:id=0]]: StunPort: stun host lookup received error -1
[17692:21680:0924/110021.721:ERROR:device_event_log_impl.cc(196)] [11:00:21.555] USB: usb_service_win.cc:105 SetupDiGetDeviceProperty({{A45C254E-DF1C-4EFD-8020-67D146A850E0}, 6}) failed: Element not found. (0x490)
[1324:19964:0924/110022.504:WARNING:codec.cc(525)] Explicitly added H264 constrained baseline to list of supported formats.
[18116:3336:0924/110022.600:ERROR:device_event_log_impl.cc(196)] [11:00:22.574] USB: usb_service_win.cc:105 SetupDiGetDeviceProperty({{A45C254E-DF1C-4EFD-8020-67D146A850E0}, 6}) failed: Element not found. (0x490)
[23220:21848:0924/110226.489:ERROR:shared_image_manager.cc(224)] SharedImageManager::ProduceSkia: Trying to Produce a Skia representation from a non-existent mailbox.
[23220:21848:0924/110226.489:ERROR:shared_image_manager.cc(224)] SharedImageManager::ProduceSkia: Trying to Produce a Skia representation from a non-existent mailbox.
[17692:21680:0924/110253.953:WARNING:pref_notifier_impl.cc(41)] Pref observer for media_router.cast_allow_all_ips found at shutdown.
